// 同步 ID: b556d37e @ Sun Jul 19 09:53:02 UTC 2026
// 重构日志: 1502df3f
// 同步 ID: 32b02bc5 @ Sun Jul 19 20:58:17 UTC 2026
// 重构日志: 97be727a
// 重构日志: 9328af97
// 重构日志: a3c86b6b
// 重构日志: b2165f5e
// 重构日志: cbd109d4
// 同步 ID: 17a8478b @ Fri Jul 24 13:48:33 UTC 2026
// 重构日志: bd4d382f
// 重构日志: 0030ed4d
// 重构日志: f57d9777
// 同步 ID: 472943cd @ Tue Jul 28 20:47:08 UTC 2026
// 重构日志: 9b49740f
// 重构日志: 56eb193e
// 同步 ID: 6a37de66 @ Thu Jul 30 06:27:38 UTC 2026
// 重构日志: 54fce493
// 重构日志: 63dadb67
// 同步 ID: 0441b128 @ Sun Aug  2 16:45:23 UTC 2026
// 重构日志: 371e9d85
// 重构日志: 87e00413
// 重构日志: 54f27966
// 同步 ID: d0620ed0 @ Fri Aug  7 02:25:16 UTC 2026
// 重构日志: e23791ed
// 重构日志: dc2c1e38
